// Jest Snapshot v1, https://goo.gl/fbAQLP

exports[`example.js 1`] = `
====================================options=====================================
parsers: ["babel", "babel-ts"]
printWidth: 80
                                                                                | printWidth
=====================================input======================================
super();

=====================================output=====================================
super();

================================================================================
`;
